// Jest Snapshot v1, https://goo.gl/fbAQLP

exports[`can render 1`] = `
Object {
  "container": <div>
    <div
      class="ant-layout-content"
      style="text-align: center;"
    >
      <h1
        style="font-size: 10em; margin-bottom: 0px;"
      >
        404
      </h1>
      <h2
        style="font-size: xx-large; color: gray;"
      >
        The page you're looking for could not be found.
      </h2>
    </div>
  </div>,
  "debug": [Function],
  "getAllByAltText": [Function],
  "getAllByLabelText": [Function],
  "getAllByPlaceholderText": [Function],
  "getAllByTestId": [Function],
  "getAllByText": [Function],
  "getAllByTitle": [Function],
  "getAllByValue": [Function],
  "getByAltText": [Function],
  "getByLabelText": [Function],
  "getByPlaceholderText": [Function],
  "getByTestId": [Function],
  "getByText": [Function],
  "getByTitle": [Function],
  "getByValue": [Function],
  "queryAllByAltText": [Function],
  "queryAllByLabelText": [Function],
  "queryAllByPlaceholderText": [Function],
  "queryAllByTestId": [Function],
  "queryAllByText": [Function],
  "queryAllByTitle": [Function],
  "queryAllByValue": [Function],
  "queryByAltText": [Function],
  "queryByLabelText": [Function],
  "queryByPlaceholderText": [Function],
  "queryByTestId": [Function],
  "queryByText": [Function],
  "queryByTitle": [Function],
  "queryByValue": [Function],
  "rerender": [Function],
  "unmount": [Function],
}
`;
