// Jest Snapshot v1, https://goo.gl/fbAQLP

exports[`can render 1`] = `
Object {
  "container": <div>
    <div
      class="header ant-layout-header"
    >
      <div
        style="color: white;"
      >
        <span
          style="font-size: x-large; padding-right: 5px;"
        >
          <strong>
            Nebula
          </strong>
        </span>
        <span
          style="font-size: large; padding-right: 10px;"
        >
          Web UI
        </span>
        <span
          style="font-size: small;"
        >
          POC-01
        </span>
      </div>
    </div>
  </div>,
  "debug": [Function],
  "getAllByAltText": [Function],
  "getAllByLabelText": [Function],
  "getAllByPlaceholderText": [Function],
  "getAllByTestId": [Function],
  "getAllByText": [Function],
  "getAllByTitle": [Function],
  "getAllByValue": [Function],
  "getByAltText": [Function],
  "getByLabelText": [Function],
  "getByPlaceholderText": [Function],
  "getByTestId": [Function],
  "getByText": [Function],
  "getByTitle": [Function],
  "getByValue": [Function],
  "queryAllByAltText": [Function],
  "queryAllByLabelText": [Function],
  "queryAllByPlaceholderText": [Function],
  "queryAllByTestId": [Function],
  "queryAllByText": [Function],
  "queryAllByTitle": [Function],
  "queryAllByValue": [Function],
  "queryByAltText": [Function],
  "queryByLabelText": [Function],
  "queryByPlaceholderText": [Function],
  "queryByTestId": [Function],
  "queryByText": [Function],
  "queryByTitle": [Function],
  "queryByValue": [Function],
  "rerender": [Function],
  "unmount": [Function],
}
`;
