// Jest Snapshot v1, https://goo.gl/fbAQLP

exports[`can render with redux with defaults 1`] = `
Object {
  "container": <div>
    <div
      class="ant-layout"
      style="min-height: 100vh;"
    >
      <div
        class="header ant-layout-header"
      >
        <div
          style="color: white;"
        >
          <span
            style="font-size: x-large; padding-right: 5px;"
          >
            <strong>
              Nebula
            </strong>
          </span>
          <span
            style="font-size: large; padding-right: 10px;"
          >
            Web UI
          </span>
          <span
            style="font-size: small;"
          >
            POC-01
          </span>
        </div>
      </div>
      <div
        class="ant-layout-content"
        style="padding: 0px 50px;"
      >
        <div
          class="ant-breadcrumb"
          style="margin: 16px 0px;"
        >
          <span>
            <span
              class="ant-breadcrumb-link"
            >
              Home
            </span>
            <span
              class="ant-breadcrumb-separator"
            >
              /
            </span>
          </span>
          <span>
            <span
              class="ant-breadcrumb-link"
            >
              My Files
            </span>
            <span
              class="ant-breadcrumb-separator"
            >
              /
            </span>
          </span>
        </div>
        <div
          class="ant-layout ant-layout-has-sider"
          style="padding: 24px 0px; background: rgb(255, 255, 255);"
        >
          <div>
            <div
              class="ant-layout-content"
              style="padding: 0px 24px; min-height: 280px;"
            >
              <div
                class="ant-layout-sider ant-layout-sider-dark"
                style="background: rgb(255, 255, 255); max-width: 200px; min-width: 200px; width: 200px;"
              >
                <div
                  class="ant-layout-sider-children"
                >
                  <ul
                    class="ant-menu ant-menu-light ant-menu-root ant-menu-inline"
                    role="menu"
                    style="height: 100%;"
                  >
                    <li
                      class="ant-menu-item ant-menu-item-selected"
                      role="menuitem"
                      style="padding-left: 24px;"
                    >
                      My Files
                    </li>
                    <li
                      class="ant-menu-item"
                      role="menuitem"
                      style="padding-left: 24px;"
                    >
                      Trash
                    </li>
                    <li
                      class="ant-menu-item"
                      role="menuitem"
                      style="padding-left: 24px;"
                    >
                      Shared
                    </li>
                  </ul>
                </div>
              </div>
            </div>
          </div>
        </div>
      </div>
      <div
        class="ant-layout-footer"
        style="text-align: center;"
      >
        Copyright Â© 2018 Cubefuse. Distributed under MIT license.
      </div>
    </div>
  </div>,
  "debug": [Function],
  "getAllByAltText": [Function],
  "getAllByLabelText": [Function],
  "getAllByPlaceholderText": [Function],
  "getAllByTestId": [Function],
  "getAllByText": [Function],
  "getAllByTitle": [Function],
  "getAllByValue": [Function],
  "getByAltText": [Function],
  "getByLabelText": [Function],
  "getByPlaceholderText": [Function],
  "getByTestId": [Function],
  "getByText": [Function],
  "getByTitle": [Function],
  "getByValue": [Function],
  "queryAllByAltText": [Function],
  "queryAllByLabelText": [Function],
  "queryAllByPlaceholderText": [Function],
  "queryAllByTestId": [Function],
  "queryAllByText": [Function],
  "queryAllByTitle": [Function],
  "queryAllByValue": [Function],
  "queryByAltText": [Function],
  "queryByLabelText": [Function],
  "queryByPlaceholderText": [Function],
  "queryByTestId": [Function],
  "queryByText": [Function],
  "queryByTitle": [Function],
  "queryByValue": [Function],
  "rerender": [Function],
  "store": Object {
    "dispatch": [Function],
    "getState": [Function],
    "replaceReducer": [Function],
    "subscribe": [Function],
    Symbol(observable): [Function],
  },
  "unmount": [Function],
}
`;
